/Users/suhyun/.pyenv/versions/3.12.10/lib/python3.12/site-packages/pygame/pkgdata.py:25: UserWarning: pkg_resources is deprecated as an API. See https://setuptools.pypa.io/en/latest/pkg_resources.html. The pkg_resources package is slated for removal as early as 2025-11-30. Refrain from using this package or pin to Setuptools<81.
  from pkg_resources import resource_stream, resource_exists
pygame 2.6.1 (SDL 2.28.4, Python 3.12.10)
Hello from the pygame community. https://www.pygame.org/contribute.html
테스트 시작...
/Users/suhyun/.pyenv/versions/3.12.10/lib/python3.12/site-packages/pygame/pkgdata.py:25: UserWarning: pkg_resources is deprecated as an API. See https://setuptools.pypa.io/en/latest/pkg_resources.html. The pkg_resources package is slated for removal as early as 2025-11-30. Refrain from using this package or pin to Setuptools<81.
  from pkg_resources import resource_stream, resource_exists
pygame 2.6.1 (SDL 2.28.4, Python 3.12.10)
Hello from the pygame community. https://www.pygame.org/contribute.html
테스트 시작...
Traceback (most recent call last):
  File "<string>", line 1, in <module>
  File "/Users/suhyun/.pyenv/versions/3.12.10/lib/python3.12/multiprocessing/spawn.py", line 122, in spawn_main
    exitcode = _main(fd, parent_sentinel)
               ^^^^^^^^^^^^^^^^^^^^^^^^^^
  File "/Users/suhyun/.pyenv/versions/3.12.10/lib/python3.12/multiprocessing/spawn.py", line 131, in _main
    prepare(preparation_data)
  File "/Users/suhyun/.pyenv/versions/3.12.10/lib/python3.12/multiprocessing/spawn.py", line 246, in prepare
    _fixup_main_from_path(data['init_main_from_path'])
  File "/Users/suhyun/.pyenv/versions/3.12.10/lib/python3.12/multiprocessing/spawn.py", line 297, in _fixup_main_from_path
    main_content = runpy.run_path(main_path,
                   ^^^^^^^^^^^^^^^^^^^^^^^^^
  File "<frozen runpy>", line 287, in run_path
  File "<frozen runpy>", line 98, in _run_module_code
  File "<frozen runpy>", line 88, in _run_code
  File "/Users/suhyun/Documents/dev/python3.12.10/lernenmitmp3/test_timing.py", line 13, in <module>
    process.start()
  File "/Users/suhyun/.pyenv/versions/3.12.10/lib/python3.12/multiprocessing/process.py", line 121, in start
    self._popen = self._Popen(self)
                  ^^^^^^^^^^^^^^^^^
  File "/Users/suhyun/.pyenv/versions/3.12.10/lib/python3.12/multiprocessing/context.py", line 224, in _Popen
    return _default_context.get_context().Process._Popen(process_obj)
           ^^^^^^^^^^^^^^^^^^^^^^^^^^^^^^^^^^^^^^^^^^^^^^^^^^^^^^^^^^
  File "/Users/suhyun/.pyenv/versions/3.12.10/lib/python3.12/multiprocessing/context.py", line 289, in _Popen
    return Popen(process_obj)
           ^^^^^^^^^^^^^^^^^^
  File "/Users/suhyun/.pyenv/versions/3.12.10/lib/python3.12/multiprocessing/popen_spawn_posix.py", line 32, in __init__
    super().__init__(process_obj)
  File "/Users/suhyun/.pyenv/versions/3.12.10/lib/python3.12/multiprocessing/popen_fork.py", line 19, in __init__
    self._launch(process_obj)
  File "/Users/suhyun/.pyenv/versions/3.12.10/lib/python3.12/multiprocessing/popen_spawn_posix.py", line 42, in _launch
    prep_data = spawn.get_preparation_data(process_obj._name)
                ^^^^^^^^^^^^^^^^^^^^^^^^^^^^^^^^^^^^^^^^^^^^^
  File "/Users/suhyun/.pyenv/versions/3.12.10/lib/python3.12/multiprocessing/spawn.py", line 164, in get_preparation_data
    _check_not_importing_main()
  File "/Users/suhyun/.pyenv/versions/3.12.10/lib/python3.12/multiprocessing/spawn.py", line 140, in _check_not_importing_main
    raise RuntimeError('''
RuntimeError: 
        An attempt has been made to start a new process before the
        current process has finished its bootstrapping phase.

        This probably means that you are not using fork to start your
        child processes and you have forgotten to use the proper idiom
        in the main module:

            if __name__ == '__main__':
                freeze_support()
                ...

        The "freeze_support()" line can be omitted if the program
        is not going to be frozen to produce an executable.

        To fix this issue, refer to the "Safe importing of main module"
        section in https://docs.python.org/3/library/multiprocessing.html
        
